
Memory Configuration

Name             Origin             Length             Attributes
ram              0x0000000000000000 0x00000000ffff0000 xrw
rom              0x00000000ffff0000 0x000000000000fff0 xr
rom_reset        0x00000000fffffff0 0x0000000000000010 xr
*default*        0x0000000000000000 0xffffffffffffffff

Linker script and memory map

                0x000000001fffb000                __INICIO_PILA = 0x1fffb000
                0x0000000000004000                __SIZE_PILA = 0x4000
                0x000000001ffff000                __FIN_PILA = (__INICIO_PILA + __SIZE_PILA)
                0x0000000000300000                __COPY_RAM_2 = 0x300000
                0x0000000000400000                __COPY_RAM_3 = 0x400000

.iplt           0x0000000000000000        0x0
 .iplt          0x0000000000000000        0x0 bin/copy.elf

.init           0x00000000ffff0000       0x99
 *(.init)
 .init          0x00000000ffff0000       0x99 bin/main.elf

.copy_out       0x0000000000000000       0x15 load address 0x00000000ffff0099
                0x0000000000000000                __COPY_RAM = .
                0x00000000ffff0099                __COPY_ROM = LOADADDR (.copy_out)
 bin/copy.elf(.copy)
 .copy          0x0000000000000000       0x15 bin/copy.elf
                0x0000000000000000                copy
                0x0000000000000015                __COPY_LENGHT = SIZEOF (.copy_out)

.reset          0x00000000fffffff0       0x10
 *(.reset)
 .reset         0x00000000fffffff0       0x10 bin/main.elf
LOAD bin/main.elf
LOAD bin/copy.elf
OUTPUT(bin/bios.elf elf32-i386)

.got            0x0000000100000000        0x0
 .got           0x0000000100000000        0x0 bin/copy.elf

.got.plt        0x0000000100000000        0x0
 .got.plt       0x0000000100000000        0x0 bin/copy.elf

.igot.plt       0x0000000100000000        0x0
 .igot.plt      0x0000000100000000        0x0 bin/copy.elf

.rel.dyn        0x0000000100000000        0x0
 .rel.got       0x0000000100000000        0x0 bin/copy.elf
 .rel.iplt      0x0000000100000000        0x0 bin/copy.elf
 .rel.init      0x0000000100000000        0x0 bin/copy.elf
