
Memory Configuration

Name             Origin             Length             Attributes
ram              0x0000000000000000 0x00000000ffff0000 xrw
rom              0x00000000ffff0000 0x000000000000fff0 xr
rom_reset        0x00000000fffffff0 0x0000000000000010 xr
*default*        0x0000000000000000 0xffffffffffffffff

Linker script and memory map

                0x000000001fffb000                __INICIO_PILA = 0x1fffb000
                0x000000001ffff000                __FIN_PILA = (__INICIO_PILA + 0x4000)

.iplt           0x0000000000000000        0x0
 .iplt          0x0000000000000000        0x0 copy.elf

.init           0x00000000ffff0000       0x4c
 *(.init)
 .init          0x00000000ffff0000       0x4c ejer5.elf

.rutinas        0x0000000000000000       0x19 load address 0x00000000ffff004c
                0x0000000000000000                __INICIO_RAM_RUTINAS = .
                0x00000000ffff004c                __INICIO_ROM_RUTINAS = LOADADDR (.rutinas)
                0x00000000ffff004c                __INICIO_RUTINA_COPY_EN_ROM = __INICIO_ROM_RUTINAS
 copy.elf(.copy)
 .copy          0x0000000000000000       0x19 copy.elf
                0x0000000000000000                copy
 *(.rutinas)
                0x0000000000000019                __LONGITUD_RUTINAS = (. - __INICIO_RAM_RUTINAS)

.reset          0x00000000fffffff0       0x10
 *(.reset)
 .reset         0x00000000fffffff0       0x10 ejer5.elf
LOAD ejer5.elf
LOAD copy.elf
OUTPUT(mirom.elf elf32-i386)

.got            0x0000000100000000        0x0
 .got           0x0000000100000000        0x0 copy.elf

.got.plt        0x0000000100000000        0x0
 .got.plt       0x0000000100000000        0x0 copy.elf

.igot.plt       0x0000000100000000        0x0
 .igot.plt      0x0000000100000000        0x0 copy.elf

.rel.dyn        0x0000000100000000        0x0
 .rel.got       0x0000000100000000        0x0 copy.elf
 .rel.iplt      0x0000000100000000        0x0 copy.elf
 .rel.copy      0x0000000100000000        0x0 copy.elf
 .rel.init      0x0000000100000000        0x0 copy.elf
